C:\Users\kite_\AppData\Local\OpenLogicool\Arduino\data\packages\arduino\hardware\avr\1.8.8\cores\arduino\new.cpp: In function 'void* operator new(std::size_t, std::nothrow_t)':
C:\Users\kite_\AppData\Local\OpenLogicool\Arduino\data\packages\arduino\hardware\avr\1.8.8\cores\arduino\new.cpp:59:60: warning: unused parameter 'tag' [-Wunused-parameter]
 void * operator new(std::size_t size, const std::nothrow_t tag) noexcept {
                                                            ^~~
C:\Users\kite_\AppData\Local\OpenLogicool\Arduino\data\packages\arduino\hardware\avr\1.8.8\cores\arduino\new.cpp: In function 'void* operator new [](std::size_t, const std::nothrow_t&)':
C:\Users\kite_\AppData\Local\OpenLogicool\Arduino\data\packages\arduino\hardware\avr\1.8.8\cores\arduino\new.cpp:68:63: warning: unused parameter 'tag' [-Wunused-parameter]
 void * operator new[](std::size_t size, const std::nothrow_t& tag) noexcept {
                                                               ^~~
C:\Users\kite_\AppData\Local\OpenLogicool\Arduino\data\packages\arduino\hardware\avr\1.8.8\cores\arduino\new.cpp: In function 'void operator delete(void*, const std::nothrow_t&)':
C:\Users\kite_\AppData\Local\OpenLogicool\Arduino\data\packages\arduino\hardware\avr\1.8.8\cores\arduino\new.cpp:103:55: warning: unused parameter 'tag' [-Wunused-parameter]
 void operator delete(void* ptr, const std::nothrow_t& tag) noexcept {
                                                       ^~~
C:\Users\kite_\AppData\Local\OpenLogicool\Arduino\data\packages\arduino\hardware\avr\1.8.8\cores\arduino\new.cpp: In function 'void operator delete [](void*, const std::nothrow_t&)':
C:\Users\kite_\AppData\Local\OpenLogicool\Arduino\data\packages\arduino\hardware\avr\1.8.8\cores\arduino\new.cpp:106:57: warning: unused parameter 'tag' [-Wunused-parameter]
 void operator delete[](void* ptr, const std::nothrow_t& tag) noexcept {
                                                         ^~~
Sketch uses 6548 bytes (22%) of program storage space. Maximum is 28672 bytes.
Global variables use 263 bytes (10%) of dynamic memory, leaving 2297 bytes for local variables. Maximum is 2560 bytes.
Firmware build: C:\Users\kite_\AppData\Local\OpenLogicool\Arduino\build\OpenLogicool.SerialHid
Performing 1200-bps touch reset on serial port COM3
Waiting for upload port...
Upload port found on COM5
"C:\Users\kite_\AppData\Local\OpenLogicool\Arduino\data\packages\arduino\tools\avrdude\8.0.0-arduino1/bin/avrdude" "-CC:\Users\kite_\AppData\Local\OpenLogicool\Arduino\data\packages\arduino\tools\avrdude\8.0.0-arduino1/etc/avrdude.conf" -v  -patmega32u4 -cavr109 -PCOM5 -b57600 -D "-Uflash:w:C:\Users\kite_\AppData\Local\OpenLogicool\Arduino\build\OpenLogicool.SerialHid/OpenLogicool.SerialHid.ino.hex:i"
Avrdude version 8.0-arduino.1
Copyright see https://github.com/avrdudes/avrdude/blob/main/AUTHORS

System wide configuration file is C:\Users\kite_\AppData\Local\OpenLogicool\Arduino\data\packages\arduino\tools\avrdude\8.0.0-arduino1\etc\avrdude.conf

Using port            : COM5
Using programmer      : avr109
Setting baud rate     : 57600
AVR part              : ATmega32U4
Programming modes     : SPM, ISP, HVPP, JTAG
Programmer type       : butterfly
Description           : Atmel bootloader (AVR109, AVR911)
connecting to programmer: .
Programmer id    = CATERIN; type = S
Software version = 1.0; no hardware version given
programmer supports auto addr increment
programmer supports buffered memory access with buffersize=128 bytes
Devcode selected: 0x44

AVR device initialized and ready to accept instructions
Device signature = 1E 95 87 (ATmega32U4)
Reading 6548 bytes for flash from input file OpenLogicool.SerialHid.ino.hex
in 1 section [0, 0x1993]: 52 pages and 108 pad bytes
Writing 6548 bytes to flash
Writing | ################################################## | 100% 0.49s
Reading | ################################################## | 100% 0.06s
6548 bytes of flash verified

Avrdude done.  Thank you.
New upload port: COM3 (serial)
{
  "schema": "openlogicool.serial-hid.flash-evidence.v1",
  "capturedAtUtc": "2026-10-10T02:11:05.0925528Z",
  "expectedDeviceInstanceId": "USB\\VID_1B4F&PID_9206\\HIDFG",
  "fqbn": "SparkFun:avr:promicro:cpu=16MHzatmega32U4",
  "transientRuntimePort": "COM3",
  "firmwareHexSha256": "b50c316a6776dd46692c8ec8575105c514d7cfbbff2607140beab0d9f11e3751",
  "bootloaderEntry": "standard-1200-baud",
  "before": {
    "targetInstanceId": "USB\\VID_1B4F&PID_9206\\HIDFG",
    "targetStatus": "OK",
    "targetFriendlyName": "USB Composite Device",
    "cdc": [
      {
        "instanceId": "USB\\VID_1B4F&PID_9206&MI_00\\A&3662A262&0&0000",
        "friendlyName": "USB シリアル デバイス (COM3)",
        "status": "OK"
      }
    ],
    "keyboard": [
      {
        "instanceId": "HID\\VID_1B4F&PID_9206&MI_02&COL01\\B&8A63DBF&0&0000",
        "friendlyName": "HID キーボード デバイス",
        "status": "OK"
      }
    ],
    "mouse": [
      {
        "instanceId": "HID\\VID_1B4F&PID_9206&MI_02&COL02\\B&8A63DBF&0&0001",
        "friendlyName": "HID 準拠マウス",
        "status": "OK"
      }
    ],
    "hid": [
      {
        "instanceId": "USB\\VID_1B4F&PID_9206&MI_02\\A&3662A262&0&0002",
        "friendlyName": "USB 入力デバイス",
        "status": "OK"
      }
    ]
  },
  "uploadVerified": true,
  "after": {
    "targetInstanceId": "USB\\VID_1B4F&PID_9206\\HIDFG",
    "targetStatus": "OK",
    "targetFriendlyName": "USB Composite Device",
    "cdc": [
      {
        "instanceId": "USB\\VID_1B4F&PID_9206&MI_00\\A&3662A262&0&0000",
        "friendlyName": "USB シリアル デバイス (COM3)",
        "status": "OK"
      }
    ],
    "keyboard": [
      {
        "instanceId": "HID\\VID_1B4F&PID_9206&MI_02&COL01\\B&8A63DBF&0&0000",
        "friendlyName": "HID キーボード デバイス",
        "status": "OK"
      }
    ],
    "mouse": [
      {
        "instanceId": "HID\\VID_1B4F&PID_9206&MI_02&COL02\\B&8A63DBF&0&0001",
        "friendlyName": "HID 準拠マウス",
        "status": "OK"
      }
    ],
    "hid": [
      {
        "instanceId": "USB\\VID_1B4F&PID_9206&MI_02\\A&3662A262&0&0002",
        "friendlyName": "USB 入力デバイス",
        "status": "OK"
      }
    ]
  }
}
