C:\Users\kite_\AppData\Local\OpenLogicool\Arduino\data\packages\arduino\hardware\avr\1.8.8\cores\arduino\new.cpp: In function 'void* operator new(std::size_t, std::nothrow_t)':
C:\Users\kite_\AppData\Local\OpenLogicool\Arduino\data\packages\arduino\hardware\avr\1.8.8\cores\arduino\new.cpp:59:60: warning: unused parameter 'tag' [-Wunused-parameter]
 void * operator new(std::size_t size, const std::nothrow_t tag) noexcept {
                                                            ^~~
C:\Users\kite_\AppData\Local\OpenLogicool\Arduino\data\packages\arduino\hardware\avr\1.8.8\cores\arduino\new.cpp: In function 'void* operator new [](std::size_t, const std::nothrow_t&)':
C:\Users\kite_\AppData\Local\OpenLogicool\Arduino\data\packages\arduino\hardware\avr\1.8.8\cores\arduino\new.cpp:68:63: warning: unused parameter 'tag' [-Wunused-parameter]
 void * operator new[](std::size_t size, const std::nothrow_t& tag) noexcept {
                                                               ^~~
C:\Users\kite_\AppData\Local\OpenLogicool\Arduino\data\packages\arduino\hardware\avr\1.8.8\cores\arduino\new.cpp: In function 'void operator delete(void*, const std::nothrow_t&)':
C:\Users\kite_\AppData\Local\OpenLogicool\Arduino\data\packages\arduino\hardware\avr\1.8.8\cores\arduino\new.cpp:103:55: warning: unused parameter 'tag' [-Wunused-parameter]
 void operator delete(void* ptr, const std::nothrow_t& tag) noexcept {
                                                       ^~~
C:\Users\kite_\AppData\Local\OpenLogicool\Arduino\data\packages\arduino\hardware\avr\1.8.8\cores\arduino\new.cpp: In function 'void operator delete [](void*, const std::nothrow_t&)':
C:\Users\kite_\AppData\Local\OpenLogicool\Arduino\data\packages\arduino\hardware\avr\1.8.8\cores\arduino\new.cpp:106:57: warning: unused parameter 'tag' [-Wunused-parameter]
 void operator delete[](void* ptr, const std::nothrow_t& tag) noexcept {
                                                         ^~~
Sketch uses 6502 bytes (22%) of program storage space. Maximum is 28672 bytes.
Global variables use 263 bytes (10%) of dynamic memory, leaving 2297 bytes for local variables. Maximum is 2560 bytes.
Firmware build: C:\Users\kite_\AppData\Local\OpenLogicool\Arduino\build\OpenLogicool.SerialHid
Error: butterfly_recv(pgm, &c, 1) failed
Error: initialization failed  (rc = -1)
 - double check the connections and try again
 - use -B to set lower the bit clock frequency, e.g. -B 125kHz
 - use -F to override this check
Error: butterfly_recv(pgm, &c, 1) failed
Error: butterfly_recv(pgm, &c, 1) failed
Failed uploading: uploading error: exit status 1
