  OpenLogicool.Launcher -> C:\Users\kite_\Developer\OpenLogicool\src\OpenLogicool.Launcher\bin\Release\net10.0-windows10.0.22621.0\OpenLogicool.Launcher.dll
  OpenLogicool.Contracts -> C:\Users\kite_\Developer\OpenLogicool\src\OpenLogicool.Contracts\bin\Release\net10.0-windows\OpenLogicool.Contracts.dll
  OpenLogicool.Capture -> C:\Users\kite_\Developer\OpenLogicool\src\OpenLogicool.Capture\bin\Release\net10.0-windows10.0.22621.0\OpenLogicool.Capture.dll
  OpenLogicool.Devices.G13 -> C:\Users\kite_\Developer\OpenLogicool\src\OpenLogicool.Devices.G13\bin\Release\net10.0-windows\OpenLogicool.Devices.G13.dll
  OpenLogicool.Devices.G600 -> C:\Users\kite_\Developer\OpenLogicool\src\OpenLogicool.Devices.G600\bin\Release\net10.0-windows\OpenLogicool.Devices.G600.dll
  OpenLogicool.Domain -> C:\Users\kite_\Developer\OpenLogicool\src\OpenLogicool.Domain\bin\Release\net10.0-windows\OpenLogicool.Domain.dll
  OpenLogicool.Perception -> C:\Users\kite_\Developer\OpenLogicool\src\OpenLogicool.Perception\bin\Release\net10.0-windows\OpenLogicool.Perception.dll
  OpenLogicool.AI -> C:\Users\kite_\Developer\OpenLogicool\src\OpenLogicool.AI\bin\Release\net10.0-windows\OpenLogicool.AI.dll
  OpenLogicool.Profiles -> C:\Users\kite_\Developer\OpenLogicool\src\OpenLogicool.Profiles\bin\Release\net10.0-windows\OpenLogicool.Profiles.dll
  OpenLogicool.Input -> C:\Users\kite_\Developer\OpenLogicool\src\OpenLogicool.Input\bin\Release\net10.0-windows\OpenLogicool.Input.dll
  OpenLogicool.Persistence -> C:\Users\kite_\Developer\OpenLogicool\src\OpenLogicool.Persistence\bin\Release\net10.0-windows\OpenLogicool.Persistence.dll
  OpenLogicool.Playbooks -> C:\Users\kite_\Developer\OpenLogicool\src\OpenLogicool.Playbooks\bin\Release\net10.0-windows\OpenLogicool.Playbooks.dll
  OpenLogicool.Desktop -> C:\Users\kite_\Developer\OpenLogicool\src\OpenLogicool.Desktop\bin\Release\net10.0-windows\OpenLogicool.Desktop.dll
  OpenLogicool.Exploration -> C:\Users\kite_\Developer\OpenLogicool\src\OpenLogicool.Exploration\bin\Release\net10.0-windows\OpenLogicool.Exploration.dll
  OpenLogicool.Host -> C:\Users\kite_\Developer\OpenLogicool\src\OpenLogicool.Host\bin\Release\net10.0-windows10.0.22621.0\OpenLogicool.Host.dll
  OpenLogicool.Host.Tests -> C:\Users\kite_\Developer\OpenLogicool\tests\OpenLogicool.Host.Tests\bin\Release\net10.0-windows10.0.22621.0\OpenLogicool.Host.Tests.dll
C:\Users\kite_\Developer\OpenLogicool\tests\OpenLogicool.Host.Tests\bin\Release\net10.0-windows10.0.22621.0\OpenLogicool.Host.Tests.dll (.NETCoreApp,Version=v10.0) のテスト実行
合計 1 個のテスト ファイルが指定されたパターンと一致しました。
[xUnit.net 00:00:01.16]     OpenLogicool.Host.Tests.VisualProgressTests.NPCのメニュー項目が増えてクエスト位置が移っても印から選ぶ [FAIL]
  失敗 OpenLogicool.Host.Tests.VisualProgressTests.NPCのメニュー項目が増えてクエスト位置が移っても印から選ぶ [528 ms]
  エラー メッセージ:
   Assert.Equal() Failure: Strings differ
               ↓ (pos 4)
Expected: "npc-quest-option"
Actual:   "npc-dialogue-cue"
               ↑ (pos 4)
  スタック トレース:
     at OpenLogicool.Host.Tests.VisualProgressTests.NPCのメニュー項目が増えてクエスト位置が移っても印から選ぶ() in C:\Users\kite_\Developer\OpenLogicool\tests\OpenLogicool.Host.Tests\VisualProgressTests.cs:line 75
--- End of stack trace from previous location ---

失敗!   -失敗:     1、合格:     0、スキップ:     0、合計:     1、期間: 528 ms - OpenLogicool.Host.Tests.dll (net10.0)
